<html>
<body>
<pre>
<h1>µVision Build Log</h1>
<h2>Project:</h2>
C:\Users\Administrator\Documents\RainWiper\RainWiper.uvproj
Project File Date:  11/26/2018

<h2>Output:</h2>
Build target 'Target 1'
compiling main.c...
compiling pwm.c...
compiling led.c...
compiling stm32f10x_it.c...
compiling UserSysTick.c...
compiling exti.c...
compiling IR.c...
linking...
Program Size: Code=9448 RO-data=268 RW-data=44 ZI-data=1636  
FromELF: creating hex file...
"RainWiper.axf" - 0 Error(s), 0 Warning(s).
Load "C:\\Users\\Administrator\\Documents\\RainWiper\\RainWiper.AXF" 
Erase Done.
Programming Done.
Verify OK.
Build target 'Target 1'
compiling main.c...
linking...
Program Size: Code=9448 RO-data=268 RW-data=44 ZI-data=1636  
FromELF: creating hex file...
"RainWiper.axf" - 0 Error(s), 0 Warning(s).
Load "C:\\Users\\Administrator\\Documents\\RainWiper\\RainWiper.AXF" 
Erase Done.
Programming Done.
Verify OK.
Build target 'Target 1'
compiling main.c...
linking...
Program Size: Code=9448 RO-data=268 RW-data=44 ZI-data=1636  
FromELF: creating hex file...
"RainWiper.axf" - 0 Error(s), 0 Warning(s).
Load "C:\\Users\\Administrator\\Documents\\RainWiper\\RainWiper.AXF" 
Erase Done.
Programming Done.
Verify OK.
